2026-01-24 20:03:50.259 xcodebuild[41152:27273526] [MT] IDETestOperationsObserverDebug: 146.805 elapsed -- Testing started completed.
2026-01-24 20:03:50.259 xcodebuild[41152:27273526] [MT] IDETestOperationsObserverDebug: 0.000 sec, +0.000 sec -- start
2026-01-24 20:03:50.259 xcodebuild[41152:27273526] [MT] IDETestOperationsObserverDebug: 146.805 sec, +146.805 sec -- end
Testing started
Test suite 'TennerGridUITests' started on 'Clone 1 of iPhone 17 - TennerGridUITests-Runner (41515)'
Test case 'TennerGridUITests.testThemePersistence()' passed on 'Clone 1 of iPhone 17 - TennerGridUITests-Runner (41515)' (25.040 seconds)
Test case 'TennerGridUITests.testExample()' passed on 'Clone 1 of iPhone 17 - TennerGridUITests-Runner (41515)' (3.511 seconds)
Test case 'TennerGridUITests.testCompleteGameFlowWithVoiceOver()' passed on 'Clone 1 of iPhone 17 - TennerGridUITests-Runner (41515)' (4.815 seconds)
Test suite 'TennerGridUITestsLaunchTests' started on 'Clone 2 of iPhone 17 - TennerGridUITests-Runner (41969)'
Test case 'TennerGridUITestsLaunchTests.testLaunch()' passed on 'Clone 2 of iPhone 17 - TennerGridUITests-Runner (41969)' (5.571 seconds)
Test case 'TennerGridUITestsLaunchTests.testLaunch()' passed on 'Clone 2 of iPhone 17 - TennerGridUITests-Runner (41969)' (6.963 seconds)
Test case 'TennerGridUITestsLaunchTests.testLaunch()' passed on 'Clone 2 of iPhone 17 - TennerGridUITests-Runner (41969)' (5.890 seconds)
Test case 'TennerGridUITestsLaunchTests.testLaunch()' passed on 'Clone 2 of iPhone 17 - TennerGridUITests-Runner (41969)' (7.167 seconds)
Test case 'TennerGridUITests.testThemeSwitchingWhileNavigating()' passed on 'Clone 1 of iPhone 17 - TennerGridUITests-Runner (41515)' (37.581 seconds)
Test case 'TennerGridUITests.testDynamicThemeSwitching()' passed on 'Clone 1 of iPhone 17 - TennerGridUITests-Runner (41515)' (28.331 seconds)
